3.9.1（2026-09）

一、新增功能

1. 后台【系统管理】新增【微信账号配置】和【商城配置】。
   - 支持在后台维护单公众号、单小程序及商城支付回调配置。
   - 后台保存的配置优先于 application.yml，并可即时刷新微信运行配置。
   - AppSecret、Token、EncodingAESKey、API v3 密钥等敏感信息不回显、不写入操作日志。

2. 新增公众号运营功能，并按功能拆分为独立菜单页面。
   - 模板消息：查询、添加、删除模板并发送模板消息。
   - 参数二维码：生成临时或永久参数二维码，支持展示、下载和复制二维码凭证。
   - 运营数据分析：接入用户、图文、消息及接口分析数据。
   - 客服工作台：管理客服账号、在线状态、会话、等待队列、聊天记录及客服消息。
   - 群发管理：支持按标签、OpenID 群发和发送预览，支持任务查询、删除及群发速度设置。
   - 评论管理：支持开启或关闭评论、精选评论、回复及删除评论。

3. 新增小程序运营功能，并按功能拆分为独立菜单页面。
   - 订阅消息：管理订阅模板、从公共模板库添加模板并发送订阅消息。
   - 小程序码：支持不限量码、永久码及二维码等生成方式。
   - 内容安全：支持文本检测、图片或音视频异步检测，并保存、查询微信回调结果。
   - 数据分析：接入每日、每周、每月概况、访问趋势、访问分布、访问留存及页面数据。
   - 发货及物流：支持能力检查、发货信息上传、订单查询、批量查询、提醒收货和跳转路径设置。
   - 商城后台发货后自动向微信同步发货及物流信息。

4. 微信支付全面升级为 API v3。
   - 下单、支付回调、退款及退款回调统一使用 API v3。
   - 删除 API v2 商户密钥、V2 退款回调和相关兼容代码。
   - 商户 API 证书统一使用 PKCS#12 格式的 apiclient_cert.p12，自动读取商户私钥和证书序列号。
   - 使用微信支付公钥模式校验应答和回调，支持配置 PUB_KEY_ID 和 pub_key.pem。

二、体验优化

1. 微信公众号和小程序的各项运营能力改为独立菜单，支持按查询、维护、发送等操作分别授权。
2. 将原始 JSON 数据改为表单、表格、状态标签和结果卡片等可交互页面。
3. 公众号和小程序数据分析新增图表展示，支持自动选择折线图或柱状图，并保留明细数据。
4. 数据分析指标改为标签选择，进入页面或切换指标后自动查询默认日期范围。
5. 数据分析字段增加中文名称，并根据微信接口规则自动限制单日、自然周、自然月或最大查询天数。
6. 模板消息、订阅消息及客服消息的接收人 OpenID 支持从用户列表选择，也可手动输入。
7. 发送订阅消息时根据所选模板自动解析模板内容和字段，用户只需填写字段值。
8. 公众号群发的图文、图片、语音和视频支持直接从素材库选择，自动填充 Media ID，同时保留手动输入方式。

三、问题修复

1. 修复小程序运营中心路由访问 404 的问题。
2. 修复小程序数据分析接口日期范围不符合微信规则时的查询异常。
3. 修复数据分析表头显示英文、结果不直观的问题。
4. 修复小程序码接口返回错误时页面仍提示“生成成功”的问题。
5. 修复公众号素材选择器中图文素材分页无法切换的问题。
6. 优化微信接口异常提示，后端返回失败时不再显示错误的成功状态。

四、升级说明

1. 本版本按单公众号、单小程序模式运行，不提供多账号切换功能。
2. 升级前请准备以下微信支付 API v3 配置：
   - 微信支付商户号 mchId
   - API v3 密钥 apiV3Key
   - 商户 API 证书 apiclient_cert.p12（密码为商户号）
   - 微信支付公钥 ID（PUB_KEY_ID_ 开头）
   - 微信支付公钥文件 pub_key.pem
3. 请依次执行 joolun-wx/sql/3.9.0升级3.9.1 目录中的升级脚本：
   - 01_system_application_config_menu_upgrade.sql
   - 02_wechat_operations_upgrade.sql
   - 03_wxpay_v3_pkcs12_config.sql
4. 升级脚本将新增菜单、权限和内容安全结果表，并清理已废弃的微信支付 V2、PEM 及手动证书序列号配置。
